============================= test session starts =============================
platform win32 -- Python 3.11.9, pytest-8.4.2, pluggy-1.6.0 -- C:\Users\geeno.perumal\AppData\Local\Microsoft\WindowsApps\PythonSoftwareFoundation.Python.3.11_qbz5n2kfra8p0\python.exe
cachedir: .pytest_cache
hypothesis profile 'default'
rootdir: C:\Users\geeno.perumal\Downloads\Bharat
configfile: pyproject.toml
plugins: anyio-4.11.0, hypothesis-6.151.9, asyncio-1.2.0, cov-7.0.0, typeguard-2.13.3
asyncio: mode=Mode.STRICT, debug=False, asyncio_default_fixture_loop_scope=None, asyncio_default_test_loop_scope=function
collecting ... collected 3 items

tests/test_models.py::test_product_serialization_roundtrip FAILED        [ 33%]
tests/test_models.py::test_market_data_serialization_roundtrip FAILED    [ 66%]
tests/test_models.py::test_market_data_negative_price PASSED             [100%]

================================== FAILURES ===================================
____________________ test_product_serialization_roundtrip _____________________

    @given(product_strategy())
>   def test_product_serialization_roundtrip(product):
                   ^^^

tests\test_models.py:56: 
_ _ _ _ _ _ _ _ _ _ _ _ _ _ _ _ _ _ _ _ _ _ _ _ _ _ _ _ _ _ _ _ _ _ _ _ _ _ _ _
tests\test_models.py:29: in product_strategy
    created_at=draw(datetime_strategy),
               ^^^^^^^^^^^^^^^^^^^^^^^
..\..\AppData\Local\Packages\PythonSoftwareFoundation.Python.3.11_qbz5n2kfra8p0\LocalCache\local-packages\Python311\site-packages\hypothesis\internal\conjecture\data.py:1187: in draw
    strategy.validate()
..\..\AppData\Local\Packages\PythonSoftwareFoundation.Python.3.11_qbz5n2kfra8p0\LocalCache\local-packages\Python311\site-packages\hypothesis\strategies\_internal\strategies.py:508: in validate
    self.do_validate()
..\..\AppData\Local\Packages\PythonSoftwareFoundation.Python.3.11_qbz5n2kfra8p0\LocalCache\local-packages\Python311\site-packages\hypothesis\strategies\_internal\lazy.py:146: in do_validate
    w = self.wrapped_strategy
        ^^^^^^^^^^^^^^^^^^^^^
..\..\AppData\Local\Packages\PythonSoftwareFoundation.Python.3.11_qbz5n2kfra8p0\LocalCache\local-packages\Python311\site-packages\hypothesis\strategies\_internal\lazy.py:116: in wrapped_strategy
    base = self.function(*self.__args, **self.__kwargs)
           ^^^^^^^^^^^^^^^^^^^^^^^^^^^^^^^^^^^^^^^^^^^^
_ _ _ _ _ _ _ _ _ _ _ _ _ _ _ _ _ _ _ _ _ _ _ _ _ _ _ _ _ _ _ _ _ _ _ _ _ _ _ _

min_value = datetime.datetime(2020, 1, 1, 0, 0, tzinfo=datetime.timezone.utc)
max_value = datetime.datetime(2030, 1, 1, 0, 0, tzinfo=datetime.timezone.utc)

    @defines_strategy(force_reusable_values=True)
    def datetimes(
        min_value: dt.datetime = dt.datetime.min,
        max_value: dt.datetime = dt.datetime.max,
        *,
        timezones: SearchStrategy[dt.tzinfo | None] = none(),
        allow_imaginary: bool = True,
    ) -> SearchStrategy[dt.datetime]:
        """datetimes(min_value=datetime.datetime.min, max_value=datetime.datetime.max, *, timezones=none(), allow_imaginary=True)
    
        A strategy for generating datetimes, which may be timezone-aware.
    
        This strategy works by drawing a naive datetime between ``min_value``
        and ``max_value``, which must both be naive (have no timezone).
    
        ``timezones`` must be a strategy that generates either ``None``, for naive
        datetimes, or :class:`~python:datetime.tzinfo` objects for 'aware' datetimes.
        You can construct your own, though we recommend using one of these built-in
        strategies:
    
        * with the standard library: :func:`hypothesis.strategies.timezones`;
        * with :pypi:`dateutil <python-dateutil>`:
          :func:`hypothesis.extra.dateutil.timezones`; or
        * with :pypi:`pytz`: :func:`hypothesis.extra.pytz.timezones`.
    
        You may pass ``allow_imaginary=False`` to filter out "imaginary" datetimes
        which did not (or will not) occur due to daylight savings, leap seconds,
        timezone and calendar adjustments, etc.  Imaginary datetimes are allowed
        by default, because malformed timestamps are a common source of bugs.
    
        Examples from this strategy shrink towards midnight on January 1st 2000,
        local time.
        """
        # Why must bounds be naive?  In principle, we could also write a strategy
        # that took aware bounds, but the API and validation is much harder.
        # If you want to generate datetimes between two particular moments in
        # time I suggest (a) just filtering out-of-bounds values; (b) if bounds
        # are very close, draw a value and subtract its UTC offset, handling
        # overflows and nonexistent times; or (c) do something customised to
        # handle datetimes in e.g. a four-microsecond span which is not
        # representable in UTC.  Handling (d), all of the above, leads to a much
        # more complex API for all users and a useful feature for very few.
        check_type(bool, allow_imaginary, "allow_imaginary")
        check_type(dt.datetime, min_value, "min_value")
        check_type(dt.datetime, max_value, "max_value")
        if min_value.tzinfo is not None:
>           raise InvalidArgument(f"{min_value=} must not have tzinfo")
E           hypothesis.errors.InvalidArgument: min_value=datetime.datetime(2020, 1, 1, 0, 0, tzinfo=datetime.timezone.utc) must not have tzinfo
E           while generating 'product' from product_strategy()

..\..\AppData\Local\Packages\PythonSoftwareFoundation.Python.3.11_qbz5n2kfra8p0\LocalCache\local-packages\Python311\site-packages\hypothesis\strategies\_internal\datetime.py:209: InvalidArgument
__________________ test_market_data_serialization_roundtrip ___________________

    @given(market_data_strategy())
>   def test_market_data_serialization_roundtrip(market_data):
                   ^^^

tests\test_models.py:65: 
_ _ _ _ _ _ _ _ _ _ _ _ _ _ _ _ _ _ _ _ _ _ _ _ _ _ _ _ _ _ _ _ _ _ _ _ _ _ _ _
tests\test_models.py:40: in market_data_strategy
    start_date=draw(datetime_strategy),
               ^^^^^^^^^^^^^^^^^^^^^^^
..\..\AppData\Local\Packages\PythonSoftwareFoundation.Python.3.11_qbz5n2kfra8p0\LocalCache\local-packages\Python311\site-packages\hypothesis\internal\conjecture\data.py:1187: in draw
    strategy.validate()
..\..\AppData\Local\Packages\PythonSoftwareFoundation.Python.3.11_qbz5n2kfra8p0\LocalCache\local-packages\Python311\site-packages\hypothesis\strategies\_internal\strategies.py:508: in validate
    self.do_validate()
..\..\AppData\Local\Packages\PythonSoftwareFoundation.Python.3.11_qbz5n2kfra8p0\LocalCache\local-packages\Python311\site-packages\hypothesis\strategies\_internal\lazy.py:146: in do_validate
    w = self.wrapped_strategy
        ^^^^^^^^^^^^^^^^^^^^^
..\..\AppData\Local\Packages\PythonSoftwareFoundation.Python.3.11_qbz5n2kfra8p0\LocalCache\local-packages\Python311\site-packages\hypothesis\strategies\_internal\lazy.py:116: in wrapped_strategy
    base = self.function(*self.__args, **self.__kwargs)
           ^^^^^^^^^^^^^^^^^^^^^^^^^^^^^^^^^^^^^^^^^^^^
_ _ _ _ _ _ _ _ _ _ _ _ _ _ _ _ _ _ _ _ _ _ _ _ _ _ _ _ _ _ _ _ _ _ _ _ _ _ _ _

min_value = datetime.datetime(2020, 1, 1, 0, 0, tzinfo=datetime.timezone.utc)
max_value = datetime.datetime(2030, 1, 1, 0, 0, tzinfo=datetime.timezone.utc)

    @defines_strategy(force_reusable_values=True)
    def datetimes(
        min_value: dt.datetime = dt.datetime.min,
        max_value: dt.datetime = dt.datetime.max,
        *,
        timezones: SearchStrategy[dt.tzinfo | None] = none(),
        allow_imaginary: bool = True,
    ) -> SearchStrategy[dt.datetime]:
        """datetimes(min_value=datetime.datetime.min, max_value=datetime.datetime.max, *, timezones=none(), allow_imaginary=True)
    
        A strategy for generating datetimes, which may be timezone-aware.
    
        This strategy works by drawing a naive datetime between ``min_value``
        and ``max_value``, which must both be naive (have no timezone).
    
        ``timezones`` must be a strategy that generates either ``None``, for naive
        datetimes, or :class:`~python:datetime.tzinfo` objects for 'aware' datetimes.
        You can construct your own, though we recommend using one of these built-in
        strategies:
    
        * with the standard library: :func:`hypothesis.strategies.timezones`;
        * with :pypi:`dateutil <python-dateutil>`:
          :func:`hypothesis.extra.dateutil.timezones`; or
        * with :pypi:`pytz`: :func:`hypothesis.extra.pytz.timezones`.
    
        You may pass ``allow_imaginary=False`` to filter out "imaginary" datetimes
        which did not (or will not) occur due to daylight savings, leap seconds,
        timezone and calendar adjustments, etc.  Imaginary datetimes are allowed
        by default, because malformed timestamps are a common source of bugs.
    
        Examples from this strategy shrink towards midnight on January 1st 2000,
        local time.
        """
        # Why must bounds be naive?  In principle, we could also write a strategy
        # that took aware bounds, but the API and validation is much harder.
        # If you want to generate datetimes between two particular moments in
        # time I suggest (a) just filtering out-of-bounds values; (b) if bounds
        # are very close, draw a value and subtract its UTC offset, handling
        # overflows and nonexistent times; or (c) do something customised to
        # handle datetimes in e.g. a four-microsecond span which is not
        # representable in UTC.  Handling (d), all of the above, leads to a much
        # more complex API for all users and a useful feature for very few.
        check_type(bool, allow_imaginary, "allow_imaginary")
        check_type(dt.datetime, min_value, "min_value")
        check_type(dt.datetime, max_value, "max_value")
        if min_value.tzinfo is not None:
>           raise InvalidArgument(f"{min_value=} must not have tzinfo")
E           hypothesis.errors.InvalidArgument: min_value=datetime.datetime(2020, 1, 1, 0, 0, tzinfo=datetime.timezone.utc) must not have tzinfo
E           while generating 'market_data' from market_data_strategy()

..\..\AppData\Local\Packages\PythonSoftwareFoundation.Python.3.11_qbz5n2kfra8p0\LocalCache\local-packages\Python311\site-packages\hypothesis\strategies\_internal\datetime.py:209: InvalidArgument
=========================== short test summary info ===========================
FAILED tests/test_models.py::test_product_serialization_roundtrip - hypothesi...
FAILED tests/test_models.py::test_market_data_serialization_roundtrip - hypot...
========================= 2 failed, 1 passed in 3.62s =========================
